\BOOKMARK [1][-]{section.1}{\376\377\133\236\232\214\211\201\154\102}{}% 1
\BOOKMARK [1][-]{section.2}{\376\377\133\236\232\214\123\237\164\006}{}% 2
\BOOKMARK [2][-]{subsection.2.1}{\376\377\166\176\116\007\133\314\177\301\225\356\230\230}{section.2}% 3
\BOOKMARK [2][-]{subsection.2.2}{\376\377\166\176\116\007\133\314\177\301\225\356\230\230\123\237\131\313\154\102\211\343\140\035\215\357}{section.2}% 4
\BOOKMARK [2][-]{subsection.2.3}{\376\377\116\015\176\317\141\017\117\040\217\223\377\010\000O\000b\000l\000i\000v\000i\000o\000u\000s\000\040\000T\000r\000a\000n\000s\000f\000e\000r\000,\000\040\000O\000T\377\011}{section.2}% 5
\BOOKMARK [1][-]{section.3}{\376\377\133\236\232\214\213\276\177\156}{}% 6
\BOOKMARK [1][-]{section.4}{\376\377\133\236\232\214\217\307\172\013}{}% 7
\BOOKMARK [2][-]{subsection.4.1}{\376\377\140\073\117\123\213\276\213\241\377\032\123\357\176\337\213\241\166\204\152\041\142\337\117\341\220\123}{section.4}% 8
\BOOKMARK [2][-]{subsection.4.2}{\376\377\133\306\170\001\133\146\127\372\170\100\217\320\173\227}{section.4}% 9
\BOOKMARK [2][-]{subsection.4.3}{\376\377\116\373\122\241\116\000\166\204\133\236\163\260}{section.4}% 10
\BOOKMARK [2][-]{subsection.4.4}{\376\377\116\373\122\241\116\214\377\032\000n\000\040\220\011\000\040\0001\000\040\000O\000T\000\040\166\204\133\236\163\260}{section.4}% 11
\BOOKMARK [2][-]{subsection.4.5}{\376\377\116\373\122\241\116\214\377\032\165\050\000\040\000O\000T\000\040\154\102\211\343\166\176\116\007\133\314\177\301\225\356\230\230}{section.4}% 12
\BOOKMARK [2][-]{subsection.4.6}{\376\377\123\117\213\256\155\101\172\013\157\024\171\072}{section.4}% 13
\BOOKMARK [2][-]{subsection.4.7}{\376\377\153\143\170\156\140\047\155\113\213\325}{section.4}% 14
\BOOKMARK [2][-]{subsection.4.8}{\376\377\140\047\200\375\133\371\153\324}{section.4}% 15
\BOOKMARK [2][-]{subsection.4.9}{\376\377\123\357\142\151\134\125\140\047\122\006\147\220}{section.4}% 16
\BOOKMARK [2][-]{subsection.4.10}{\376\377\123\112\213\332\133\236\152\041\127\213\116\013\123\314\145\271\166\204\123\357\211\301\117\341\140\157}{section.4}% 17
\BOOKMARK [2][-]{subsection.4.11}{\376\377\116\072\117\125\116\015\136\224\154\304\227\062\147\052\220\011\155\210\140\157\060\001\220\011\142\351\117\115\116\016\230\235\131\026\215\042\133\314\117\341\140\157}{section.4}% 18
\BOOKMARK [2][-]{subsection.4.12}{\376\377\226\220\171\301\140\047\133\236\213\301\176\323\147\234}{section.4}% 19
\BOOKMARK [1][-]{section.5}{\376\377\133\236\232\214\140\073\176\323}{}% 20
